// Vitest Snapshot v1, https://vitest.dev/guide/snapshot.html

exports[`Survey view > display title 1`] = `"<h1 data-v-e2bc6a0d="">Petit projet de questionnaire en <span data-v-e2bc6a0d="" class="project">clean archigonale</span></h1>"`;
